// Jest Snapshot v1, https://goo.gl/fbAQLP

exports[`Header should render properly 1`] = `
<styled.div>
  <BsGithub
    size={32}
  />
  <Search
    onChange={[MockFunction]}
  />
</styled.div>
`;
