// Jest Snapshot v1, https://goo.gl/fbAQLP

exports[`Loader should render properly 1`] = `
<styled.div>
  <Unknown
    color="black"
    loading={true}
    size={45}
    sizeUnit="px"
  />
</styled.div>
`;
